<html>
<body>
<pre>
<h1>µVision Build Log</h1>
<h2>Tool Versions:</h2>
IDE-Version: µVision V5.35.0.0
Copyright (C) 2021 ARM Ltd and ARM Germany GmbH. All rights reserved.
License Information: Zarif Hossain, UT ECE, LIC=----
 
Tool Versions:
Toolchain:       MDK-Lite  Version: 5.35.0.2
Toolchain Path:  C:\Keil_v5\ARM\ARMCC\Bin
C Compiler:      Armcc.exe V5.06 update 7 (build 960)
Assembler:       Armasm.exe V5.06 update 7 (build 960)
Linker/Locator:  ArmLink.exe V5.06 update 7 (build 960)
Library Manager: ArmAr.exe V5.06 update 7 (build 960)
Hex Converter:   FromElf.exe V5.06 update 7 (build 960)
CPU DLL:         SARMCM3.DLL V5.35.0.2
Dialog DLL:      DCM.DLL V1.17.3.0
Target DLL:      lmidk-agdi.dll V???
Dialog DLL:      TCM.DLL V1.53.0.0
 
<h2>Project:</h2>
C:\Keil_v5\EE319KwareFall2021\Lab10_EE319K\SpaceInvaders.uvprojx
Project File Date:  12/02/2021

<h2>Output:</h2>
*** Using Compiler 'V5.06 update 7 (build 960)', folder: 'C:\Keil_v5\ARM\ARMCC\Bin'
Build target 'SpaceInvaders'
compiling SpaceInvaders.c...
SpaceInvaders.c(195): warning:  #513-D: a value of type "const unsigned short *" cannot be assigned to an entity of type "const int16_t *"
  	user.image = PlayerShip0 ;
SpaceInvaders.c(204): warning:  #513-D: a value of type "const unsigned short *" cannot be assigned to an entity of type "const int16_t *"
  		Enemys[i].image = SmallEnemy10pointA ;
SpaceInvaders.c(221): warning:  #167-D: argument of type "const int16_t *" is incompatible with parameter of type "const uint16_t *"
  			ST7735_DrawBitmap(user.x, user.y, user.image, 18, 8) ;
SpaceInvaders.c(236): warning:  #167-D: argument of type "const int16_t *" is incompatible with parameter of type "const uint16_t *"
  				ST7735_DrawBitmap(Enemys[i].x, Enemys[i].y, Enemys[i].image, 16, 10) ; //only draw enemies if they are alive ;
SpaceInvaders.c(255): warning:  #167-D: argument of type "const int16_t *" is incompatible with parameter of type "const uint16_t *"
  				ST7735_DrawBitmap(Lasers[i].x,Lasers[i].y, Lasers[i].image, 18, 8) ;
SpaceInvaders.c(519): warning:  #177-D: variable "l"  was declared but never referenced
  int main(void){ char l;
SpaceInvaders.c(585): warning:  #177-D: variable "i"  was declared but never referenced
  			uint32_t i = 0;
SpaceInvaders.c: 7 warnings, 0 errors
linking...
Program Size: Code=4872 RO-data=6036 RW-data=132 ZI-data=1340  
".\SpaceInvaders.axf" - 0 Error(s), 7 Warning(s).

<h2>Software Packages used:</h2>

Package Vendor: ARM
                http://www.keil.com/pack/ARM.CMSIS.5.8.0.pack
                ARM.CMSIS.5.8.0
                CMSIS (Common Microcontroller Software Interface Standard)
   * Component: CORE Version: 5.5.0

Package Vendor: Keil
                http://www.keil.com/pack/Keil.TM4C_DFP.1.1.0.pack
                Keil.TM4C_DFP.1.1.0
                Texas Instruments Tiva C Series Device Support and Examples

<h2>Collection of Component include folders:</h2>
  .\RTE\_SpaceInvaders
  C:\Users\miahm\AppData\Local\Arm\Packs\ARM\CMSIS\5.8.0\CMSIS\Core\Include
  C:\Users\miahm\AppData\Local\Arm\Packs\Keil\TM4C_DFP\1.1.0\Device\Include\TM4C123

<h2>Collection of Component Files used:</h2>

   * Component: ARM::CMSIS:CORE:5.5.0
Build Time Elapsed:  00:00:01
</pre>
</body>
</html>
