Component: ARM Compiler 5.06 update 7 (build 960) Tool: armlink [4d3601]

==============================================================================

Section Cross References

    startup.o(RESET) refers to startup.o(STACK) for StackMem
    startup.o(RESET) refers to uart.o(i.UART0_Handler) for UART0_Handler
    startup.o(RESET) refers to timer3a.o(i.Timer3A_Handler) for Timer3A_Handler
    startup.o(RESET) refers to lab3.o(.text) for Start
    lab3.o(.text) refers to lab3grader.o(.text) for TExaS_Init
    timer3a.o(i.Timer3A_Handler) refers to timer3a.o(.data) for PeriodicTask3
    timer3a.o(i.Timer3A_Init) refers to timer3a.o(.data) for PeriodicTask3
    uart.o(i.RxFifo_Get) refers to uart.o(.data) for RxPutI
    uart.o(i.RxFifo_Get) refers to uart.o(.bss) for RxFifo
    uart.o(i.RxFifo_Init) refers to startup.o(.text) for StartCritical
    uart.o(i.RxFifo_Init) refers to uart.o(.data) for RxGetI
    uart.o(i.RxFifo_Put) refers to uart.o(.data) for RxPutI
    uart.o(i.RxFifo_Put) refers to uart.o(.bss) for RxFifo
    uart.o(i.RxFifo_Size) refers to uart.o(.data) for RxPutI
    uart.o(i.TxFifo_Get) refers to uart.o(.data) for TxPutI
    uart.o(i.TxFifo_Get) refers to uart.o(.bss) for TxFifo
    uart.o(i.TxFifo_Init) refers to startup.o(.text) for StartCritical
    uart.o(i.TxFifo_Init) refers to uart.o(.data) for TxGetI
    uart.o(i.TxFifo_Put) refers to uart.o(.data) for TxPutI
    uart.o(i.TxFifo_Put) refers to uart.o(.bss) for TxFifo
    uart.o(i.TxFifo_Size) refers to uart.o(.data) for TxPutI
    uart.o(i.UART0_Handler) refers to uart.o(i.copySoftwareToHardware) for copySoftwareToHardware
    uart.o(i.UART0_Handler) refers to uart.o(i.TxFifo_Size) for TxFifo_Size
    uart.o(i.UART0_Handler) refers to uart.o(i.copyHardwareToSoftware) for copyHardwareToSoftware
    uart.o(i.UART_InChar) refers to uart.o(i.RxFifo_Get) for RxFifo_Get
    uart.o(i.UART_InString) refers to uart.o(i.UART_InChar) for UART_InChar
    uart.o(i.UART_InString) refers to uart.o(i.UART_OutChar) for UART_OutChar
    uart.o(i.UART_InUDec) refers to uart.o(i.UART_InChar) for UART_InChar
    uart.o(i.UART_InUDec) refers to uart.o(i.UART_OutChar) for UART_OutChar
    uart.o(i.UART_InUHex) refers to uart.o(i.UART_InChar) for UART_InChar
    uart.o(i.UART_InUHex) refers to uart.o(i.UART_OutChar) for UART_OutChar
    uart.o(i.UART_Init) refers to uart.o(i.RxFifo_Init) for RxFifo_Init
    uart.o(i.UART_Init) refers to uart.o(i.TxFifo_Init) for TxFifo_Init
    uart.o(i.UART_OutChar) refers to uart.o(i.TxFifo_Put) for TxFifo_Put
    uart.o(i.UART_OutChar) refers to uart.o(i.copySoftwareToHardware) for copySoftwareToHardware
    uart.o(i.UART_OutString) refers to uart.o(i.UART_OutChar) for UART_OutChar
    uart.o(i.UART_OutUDec) refers to uart.o(i.UART_OutChar) for UART_OutChar
    uart.o(i.UART_OutUHex) refers to uart.o(i.UART_OutChar) for UART_OutChar
    uart.o(i.copyHardwareToSoftware) refers to uart.o(i.RxFifo_Put) for RxFifo_Put
    uart.o(i.copyHardwareToSoftware) refers to uart.o(i.RxFifo_Size) for RxFifo_Size
    uart.o(i.copySoftwareToHardware) refers to uart.o(i.TxFifo_Get) for TxFifo_Get
    uart.o(i.copySoftwareToHardware) refers to uart.o(i.TxFifo_Size) for TxFifo_Size
    lab3grader.o(.text) refers to uart.o(i.UART_OutChar) for UART_OutChar
    lab3grader.o(.text) refers to uart.o(i.UART_OutString) for UART_OutString
    lab3grader.o(.text) refers to uart.o(i.UART_OutUDec) for UART_OutUDec
    lab3grader.o(.text) refers to lab3grader.o(.data) for PeriodicTask2
    lab3grader.o(.text) refers to lab3grader.o(.constdata) for CorrectDEN
    lab3grader.o(.text) refers to lab3grader.o(.bss) for Inflag
    lab3grader.o(.text) refers to startup.o(.text) for DisableInterrupts
    lab3grader.o(.text) refers to pll.o(i.PLL_Init) for PLL_Init
    lab3grader.o(.text) refers to strcmpv7m.o(.text) for strcmp
    lab3grader.o(.text) refers to uart.o(i.UART_Init) for UART_Init
    lab3grader.o(.text) refers to timer3a.o(i.Timer3A_Init) for Timer3A_Init
    lab3grader.o(.text) refers to lab3.o(.text) for EID1
    lab3grader.o(.text) refers to lab3grader.o(.conststring) for .conststring


==============================================================================

Removing Unused input sections from the image.

    Removing startup.o(HEAP), (0 bytes).
    Removing lab3.o(DATA), (0 bytes).
    Removing timer3a.o(i.Timer3A_Stop), (24 bytes).
    Removing uart.o(i.RxFifo_Get), (60 bytes).
    Removing uart.o(i.UART_InChar), (20 bytes).
    Removing uart.o(i.UART_InString), (70 bytes).
    Removing uart.o(i.UART_InUDec), (76 bytes).
    Removing uart.o(i.UART_InUHex), (108 bytes).
    Removing uart.o(i.UART_OutUHex), (52 bytes).

9 unused section(s) (total 410 bytes) removed from the image.

==============================================================================

Image Symbol Table

    Local Symbols

    Symbol Name                              Value     Ov Type        Size  Object(Section)

    RESET                                    0x00000000   Section      644  startup.o(RESET)
    ../clib/memcpset.s                       0x00000000   Number         0  strcmpv7m.o ABSOLUTE
    Lab3.s                                   0x00000000   Number         0  lab3.o ABSOLUTE
    Lab3Grader.c                             0x00000000   Number         0  lab3grader.o ABSOLUTE
    PLL.c                                    0x00000000   Number         0  pll.o ABSOLUTE
    Startup.s                                0x00000000   Number         0  startup.o ABSOLUTE
    Timer3A.c                                0x00000000   Number         0  timer3a.o ABSOLUTE
    UART.c                                   0x00000000   Number         0  uart.o ABSOLUTE
    dc.s                                     0x00000000   Number         0  dc.o ABSOLUTE
    .text                                    0x00000284   Section       28  startup.o(.text)
    .text                                    0x000002a0   Section      392  lab3.o(.text)
    .text                                    0x00000428   Section        0  lab3grader.o(.text)
    .text                                    0x00000c4c   Section      128  strcmpv7m.o(.text)
    i.PLL_Init                               0x00000ccc   Section        0  pll.o(i.PLL_Init)
    i.RxFifo_Init                            0x00000d48   Section        0  uart.o(i.RxFifo_Init)
    i.RxFifo_Put                             0x00000d6c   Section        0  uart.o(i.RxFifo_Put)
    i.RxFifo_Size                            0x00000da8   Section        0  uart.o(i.RxFifo_Size)
    i.Timer3A_Handler                        0x00000dc0   Section        0  timer3a.o(i.Timer3A_Handler)
    i.Timer3A_Init                           0x00000dd8   Section        0  timer3a.o(i.Timer3A_Init)
    i.TxFifo_Get                             0x00000e38   Section        0  uart.o(i.TxFifo_Get)
    i.TxFifo_Init                            0x00000e74   Section        0  uart.o(i.TxFifo_Init)
    i.TxFifo_Put                             0x00000e98   Section        0  uart.o(i.TxFifo_Put)
    i.TxFifo_Size                            0x00000ed4   Section        0  uart.o(i.TxFifo_Size)
    i.UART0_Handler                          0x00000eec   Section        0  uart.o(i.UART0_Handler)
    i.UART_Init                              0x00000f44   Section        0  uart.o(i.UART_Init)
    i.UART_OutChar                           0x0000100c   Section        0  uart.o(i.UART_OutChar)
    i.UART_OutString                         0x00001040   Section        0  uart.o(i.UART_OutString)
    i.UART_OutUDec                           0x00001058   Section        0  uart.o(i.UART_OutUDec)
    i.copyHardwareToSoftware                 0x00001084   Section        0  uart.o(i.copyHardwareToSoftware)
    copyHardwareToSoftware                   0x00001085   Thumb Code    36  uart.o(i.copyHardwareToSoftware)
    i.copySoftwareToHardware                 0x000010ac   Section        0  uart.o(i.copySoftwareToHardware)
    copySoftwareToHardware                   0x000010ad   Thumb Code    38  uart.o(i.copySoftwareToHardware)
    .constdata                               0x000010d8   Section     1192  lab3grader.o(.constdata)
    .conststring                             0x00001580   Section       77  lab3grader.o(.conststring)
    .data                                    0x20000000   Section        4  timer3a.o(.data)
    .data                                    0x20000004   Section       16  uart.o(.data)
    .data                                    0x20000014   Section       44  lab3grader.o(.data)
    Score                                    0x20000020   Data           4  lab3grader.o(.data)
    .bss                                     0x20000040   Section      128  uart.o(.bss)
    RxFifo                                   0x20000040   Data          64  uart.o(.bss)
    TxFifo                                   0x20000080   Data          64  uart.o(.bss)
    .bss                                     0x200000c0   Section       40  lab3grader.o(.bss)
    STACK                                    0x200000e8   Section     1024  startup.o(STACK)
    StackMem                                 0x200000e8   Data           0  startup.o(STACK)

    Global Symbols

    Symbol Name                              Value     Ov Type        Size  Object(Section)

    BuildAttributes$$THM_ISAv4$E$P$D$K$B$S$7EM$PE$A:L22UL41UL21$X:L11$S22US41US21$IEEE1$IW$USESV6$~STKCKD$USESV7$~SHL$OSPACE$ROPI$EBA8$STANDARDLIB$REQ8$PRES8$EABIv2 0x00000000   Number         0  anon$$obj.o ABSOLUTE
    __Vectors                                0x00000000   Data           0  startup.o(RESET)
    Reset_Handler                            0x0000026d   Thumb Code     0  startup.o(RESET)
    NMI_Handler                              0x00000271   Thumb Code     2  startup.o(RESET)
    HardFault_Handler                        0x00000273   Thumb Code     2  startup.o(RESET)
    MemManage_Handler                        0x00000275   Thumb Code     2  startup.o(RESET)
    BusFault_Handler                         0x00000277   Thumb Code     2  startup.o(RESET)
    UsageFault_Handler                       0x00000279   Thumb Code     2  startup.o(RESET)
    SVC_Handler                              0x0000027b   Thumb Code     2  startup.o(RESET)
    DebugMon_Handler                         0x0000027d   Thumb Code     2  startup.o(RESET)
    PendSV_Handler                           0x0000027f   Thumb Code     2  startup.o(RESET)
    SysTick_Handler                          0x00000281   Thumb Code     2  startup.o(RESET)
    ADC0Seq0_Handler                         0x00000283   Thumb Code     0  startup.o(RESET)
    ADC0Seq1_Handler                         0x00000283   Thumb Code     0  startup.o(RESET)
    ADC0Seq2_Handler                         0x00000283   Thumb Code     0  startup.o(RESET)
    ADC0Seq3_Handler                         0x00000283   Thumb Code     0  startup.o(RESET)
    ADC1Seq0_Handler                         0x00000283   Thumb Code     0  startup.o(RESET)
    ADC1Seq1_Handler                         0x00000283   Thumb Code     0  startup.o(RESET)
    ADC1Seq2_Handler                         0x00000283   Thumb Code     0  startup.o(RESET)
    ADC1Seq3_Handler                         0x00000283   Thumb Code     0  startup.o(RESET)
    CAN0_Handler                             0x00000283   Thumb Code     0  startup.o(RESET)
    CAN1_Handler                             0x00000283   Thumb Code     0  startup.o(RESET)
    CAN2_Handler                             0x00000283   Thumb Code     0  startup.o(RESET)
    Comp0_Handler                            0x00000283   Thumb Code     0  startup.o(RESET)
    Comp1_Handler                            0x00000283   Thumb Code     0  startup.o(RESET)
    Comp2_Handler                            0x00000283   Thumb Code     0  startup.o(RESET)
    Ethernet_Handler                         0x00000283   Thumb Code     0  startup.o(RESET)
    ExtBus_Handler                           0x00000283   Thumb Code     0  startup.o(RESET)
    FPU_Handler                              0x00000283   Thumb Code     0  startup.o(RESET)
    Fan0_Handler                             0x00000283   Thumb Code     0  startup.o(RESET)
    FlashCtl_Handler                         0x00000283   Thumb Code     0  startup.o(RESET)
    GPIOPortA_Handler                        0x00000283   Thumb Code     0  startup.o(RESET)
    GPIOPortB_Handler                        0x00000283   Thumb Code     0  startup.o(RESET)
    GPIOPortC_Handler                        0x00000283   Thumb Code     0  startup.o(RESET)
    GPIOPortD_Handler                        0x00000283   Thumb Code     0  startup.o(RESET)
    GPIOPortE_Handler                        0x00000283   Thumb Code     0  startup.o(RESET)
    GPIOPortF_Handler                        0x00000283   Thumb Code     0  startup.o(RESET)
    GPIOPortG_Handler                        0x00000283   Thumb Code     0  startup.o(RESET)
    GPIOPortH_Handler                        0x00000283   Thumb Code     0  startup.o(RESET)
    GPIOPortJ_Handler                        0x00000283   Thumb Code     0  startup.o(RESET)
    GPIOPortK_Handler                        0x00000283   Thumb Code     0  startup.o(RESET)
    GPIOPortL_Handler                        0x00000283   Thumb Code     0  startup.o(RESET)
    GPIOPortM_Handler                        0x00000283   Thumb Code     0  startup.o(RESET)
    GPIOPortN_Handler                        0x00000283   Thumb Code     0  startup.o(RESET)
    GPIOPortP1_Handler                       0x00000283   Thumb Code     0  startup.o(RESET)
    GPIOPortP2_Handler                       0x00000283   Thumb Code     0  startup.o(RESET)
    GPIOPortP3_Handler                       0x00000283   Thumb Code     0  startup.o(RESET)
    GPIOPortP4_Handler                       0x00000283   Thumb Code     0  startup.o(RESET)
    GPIOPortP5_Handler                       0x00000283   Thumb Code     0  startup.o(RESET)
    GPIOPortP6_Handler                       0x00000283   Thumb Code     0  startup.o(RESET)
    GPIOPortP7_Handler                       0x00000283   Thumb Code     0  startup.o(RESET)
    GPIOPortP_Handler                        0x00000283   Thumb Code     0  startup.o(RESET)
    GPIOPortQ1_Handler                       0x00000283   Thumb Code     0  startup.o(RESET)
    GPIOPortQ2_Handler                       0x00000283   Thumb Code     0  startup.o(RESET)
    GPIOPortQ3_Handler                       0x00000283   Thumb Code     0  startup.o(RESET)
    GPIOPortQ4_Handler                       0x00000283   Thumb Code     0  startup.o(RESET)
    GPIOPortQ5_Handler                       0x00000283   Thumb Code     0  startup.o(RESET)
    GPIOPortQ6_Handler                       0x00000283   Thumb Code     0  startup.o(RESET)
    GPIOPortQ7_Handler                       0x00000283   Thumb Code     0  startup.o(RESET)
    GPIOPortQ_Handler                        0x00000283   Thumb Code     0  startup.o(RESET)
    GPIOPortR_Handler                        0x00000283   Thumb Code     0  startup.o(RESET)
    GPIOPortS_Handler                        0x00000283   Thumb Code     0  startup.o(RESET)
    Hibernate_Handler                        0x00000283   Thumb Code     0  startup.o(RESET)
    I2C0_Handler                             0x00000283   Thumb Code     0  startup.o(RESET)
    I2C1_Handler                             0x00000283   Thumb Code     0  startup.o(RESET)
    I2C2_Handler                             0x00000283   Thumb Code     0  startup.o(RESET)
    I2C3_Handler                             0x00000283   Thumb Code     0  startup.o(RESET)
    I2C4_Handler                             0x00000283   Thumb Code     0  startup.o(RESET)
    I2C5_Handler                             0x00000283   Thumb Code     0  startup.o(RESET)
    I2S0_Handler                             0x00000283   Thumb Code     0  startup.o(RESET)
    LPC0_Handler                             0x00000283   Thumb Code     0  startup.o(RESET)
    PECI0_Handler                            0x00000283   Thumb Code     0  startup.o(RESET)
    PWM0Fault_Handler                        0x00000283   Thumb Code     0  startup.o(RESET)
    PWM0Generator0_Handler                   0x00000283   Thumb Code     0  startup.o(RESET)
    PWM0Generator1_Handler                   0x00000283   Thumb Code     0  startup.o(RESET)
    PWM0Generator2_Handler                   0x00000283   Thumb Code     0  startup.o(RESET)
    PWM0Generator3_Handler                   0x00000283   Thumb Code     0  startup.o(RESET)
    PWM1Fault_Handler                        0x00000283   Thumb Code     0  startup.o(RESET)
    PWM1Generator0_Handler                   0x00000283   Thumb Code     0  startup.o(RESET)
    PWM1Generator1_Handler                   0x00000283   Thumb Code     0  startup.o(RESET)
    PWM1Generator2_Handler                   0x00000283   Thumb Code     0  startup.o(RESET)
    PWM1Generator3_Handler                   0x00000283   Thumb Code     0  startup.o(RESET)
    Quadrature0_Handler                      0x00000283   Thumb Code     0  startup.o(RESET)
    Quadrature1_Handler                      0x00000283   Thumb Code     0  startup.o(RESET)
    Quadrature2_Handler                      0x00000283   Thumb Code     0  startup.o(RESET)
    SSI0_Handler                             0x00000283   Thumb Code     0  startup.o(RESET)
    SSI1_Handler                             0x00000283   Thumb Code     0  startup.o(RESET)
    SSI2_Handler                             0x00000283   Thumb Code     0  startup.o(RESET)
    SSI3_Handler                             0x00000283   Thumb Code     0  startup.o(RESET)
    SysCtl_Handler                           0x00000283   Thumb Code     0  startup.o(RESET)
    Timer0A_Handler                          0x00000283   Thumb Code     0  startup.o(RESET)
    Timer0B_Handler                          0x00000283   Thumb Code     0  startup.o(RESET)
    Timer1A_Handler                          0x00000283   Thumb Code     0  startup.o(RESET)
    Timer1B_Handler                          0x00000283   Thumb Code     0  startup.o(RESET)
    Timer2A_Handler                          0x00000283   Thumb Code     0  startup.o(RESET)
    Timer2B_Handler                          0x00000283   Thumb Code     0  startup.o(RESET)
    Timer3B_Handler                          0x00000283   Thumb Code     0  startup.o(RESET)
    Timer4A_Handler                          0x00000283   Thumb Code     0  startup.o(RESET)
    Timer4B_Handler                          0x00000283   Thumb Code     0  startup.o(RESET)
    Timer5A_Handler                          0x00000283   Thumb Code     0  startup.o(RESET)
    Timer5B_Handler                          0x00000283   Thumb Code     0  startup.o(RESET)
    UART1_Handler                            0x00000283   Thumb Code     0  startup.o(RESET)
    UART2_Handler                            0x00000283   Thumb Code     0  startup.o(RESET)
    UART3_Handler                            0x00000283   Thumb Code     0  startup.o(RESET)
    UART4_Handler                            0x00000283   Thumb Code     0  startup.o(RESET)
    UART5_Handler                            0x00000283   Thumb Code     0  startup.o(RESET)
    UART6_Handler                            0x00000283   Thumb Code     0  startup.o(RESET)
    UART7_Handler                            0x00000283   Thumb Code     0  startup.o(RESET)
    USB0_Handler                             0x00000283   Thumb Code     0  startup.o(RESET)
    WDT_Handler                              0x00000283   Thumb Code     0  startup.o(RESET)
    WideTimer0A_Handler                      0x00000283   Thumb Code     0  startup.o(RESET)
    WideTimer0B_Handler                      0x00000283   Thumb Code     0  startup.o(RESET)
    WideTimer1A_Handler                      0x00000283   Thumb Code     0  startup.o(RESET)
    WideTimer1B_Handler                      0x00000283   Thumb Code     0  startup.o(RESET)
    WideTimer2A_Handler                      0x00000283   Thumb Code     0  startup.o(RESET)
    WideTimer2B_Handler                      0x00000283   Thumb Code     0  startup.o(RESET)
    WideTimer3A_Handler                      0x00000283   Thumb Code     0  startup.o(RESET)
    WideTimer3B_Handler                      0x00000283   Thumb Code     0  startup.o(RESET)
    WideTimer4A_Handler                      0x00000283   Thumb Code     0  startup.o(RESET)
    WideTimer4B_Handler                      0x00000283   Thumb Code     0  startup.o(RESET)
    WideTimer5A_Handler                      0x00000283   Thumb Code     0  startup.o(RESET)
    WideTimer5B_Handler                      0x00000283   Thumb Code     0  startup.o(RESET)
    uDMA_Error                               0x00000283   Thumb Code     0  startup.o(RESET)
    uDMA_Handler                             0x00000283   Thumb Code     0  startup.o(RESET)
    DisableInterrupts                        0x00000285   Thumb Code     0  startup.o(.text)
    EnableInterrupts                         0x00000289   Thumb Code     0  startup.o(.text)
    StartCritical                            0x0000028d   Thumb Code     0  startup.o(.text)
    EndCritical                              0x00000295   Thumb Code     0  startup.o(.text)
    WaitForInterrupt                         0x0000029b   Thumb Code     0  startup.o(.text)
    EID1                                     0x000002a0   Data           8  lab3.o(.text)
    EID2                                     0x000002a8   Data           7  lab3.o(.text)
    Start                                    0x000002b1   Thumb Code     0  lab3.o(.text)
    LogicAnalyzer                            0x00000429   Thumb Code    14  lab3grader.o(.text)
    Scope                                    0x00000437   Thumb Code    12  lab3grader.o(.text)
    PeriodicTask2_Init                       0x00000443   Thumb Code   128  lab3grader.o(.text)
    TIMER5A_Handler                          0x000004c3   Thumb Code    16  lab3grader.o(.text)
    PeriodicTask2_Stop                       0x000004d3   Thumb Code    26  lab3grader.o(.text)
    UART0_Init                               0x000004ed   Thumb Code   122  lab3grader.o(.text)
    UART0_InChar                             0x00000567   Thumb Code    22  lab3grader.o(.text)
    UART0_OutChar                            0x0000057d   Thumb Code    20  lab3grader.o(.text)
    UART0_OutString                          0x00000591   Thumb Code    22  lab3grader.o(.text)
    OutCRLF0                                 0x000005a7   Thumb Code    16  lab3grader.o(.text)
    ADC1_Init                                0x000005b7   Thumb Code   184  lab3grader.o(.text)
    CheckInit                                0x0000066f   Thumb Code   110  lab3grader.o(.text)
    Random32                                 0x000006dd   Thumb Code    22  lab3grader.o(.text)
    Random                                   0x000006f3   Thumb Code    20  lab3grader.o(.text)
    setUpper                                 0x00000707   Thumb Code    22  lab3grader.o(.text)
    OutCRLF                                  0x0000071d   Thumb Code    16  lab3grader.o(.text)
    AddPoints                                0x0000072d   Thumb Code    76  lab3grader.o(.text)
    Lab3Grader                               0x00000779   Thumb Code   608  lab3grader.o(.text)
    TExaS_Init                               0x000009d9   Thumb Code   452  lab3grader.o(.text)
    TExaS_Stop                               0x00000b9d   Thumb Code     8  lab3grader.o(.text)
    strcmp                                   0x00000c4d   Thumb Code   128  strcmpv7m.o(.text)
    PLL_Init                                 0x00000ccd   Thumb Code   120  pll.o(i.PLL_Init)
    RxFifo_Init                              0x00000d49   Thumb Code    26  uart.o(i.RxFifo_Init)
    RxFifo_Put                               0x00000d6d   Thumb Code    48  uart.o(i.RxFifo_Put)
    RxFifo_Size                              0x00000da9   Thumb Code    14  uart.o(i.RxFifo_Size)
    Timer3A_Handler                          0x00000dc1   Thumb Code    16  timer3a.o(i.Timer3A_Handler)
    Timer3A_Init                             0x00000dd9   Thumb Code    74  timer3a.o(i.Timer3A_Init)
    TxFifo_Get                               0x00000e39   Thumb Code    46  uart.o(i.TxFifo_Get)
    TxFifo_Init                              0x00000e75   Thumb Code    26  uart.o(i.TxFifo_Init)
    TxFifo_Put                               0x00000e99   Thumb Code    48  uart.o(i.TxFifo_Put)
    TxFifo_Size                              0x00000ed5   Thumb Code    14  uart.o(i.TxFifo_Size)
    UART0_Handler                            0x00000eed   Thumb Code    82  uart.o(i.UART0_Handler)
    UART_Init                                0x00000f45   Thumb Code   174  uart.o(i.UART_Init)
    UART_OutChar                             0x0000100d   Thumb Code    46  uart.o(i.UART_OutChar)
    UART_OutString                           0x00001041   Thumb Code    24  uart.o(i.UART_OutString)
    UART_OutUDec                             0x00001059   Thumb Code    42  uart.o(i.UART_OutUDec)
    ChangeProblem                            0x000010d8   Data         160  lab3grader.o(.constdata)
    BreatheProblem                           0x00001178   Data         160  lab3grader.o(.constdata)
    LEDProblem                               0x00001218   Data         160  lab3grader.o(.constdata)
    CorrectDEN                               0x000012b8   Data          32  lab3grader.o(.constdata)
    CorrectDIR                               0x000012d8   Data          32  lab3grader.o(.constdata)
    Shift                                    0x000012f8   Data          32  lab3grader.o(.constdata)
    ChangeMask                               0x00001318   Data          32  lab3grader.o(.constdata)
    BreatheMask                              0x00001338   Data          32  lab3grader.o(.constdata)
    LEDMask                                  0x00001358   Data          32  lab3grader.o(.constdata)
    PointMessages                            0x00001378   Data         480  lab3grader.o(.constdata)
    Min                                      0x00001558   Data          20  lab3grader.o(.constdata)
    Max                                      0x0000156c   Data          20  lab3grader.o(.constdata)
    PeriodicTask3                            0x20000000   Data           4  timer3a.o(.data)
    RxPutI                                   0x20000004   Data           4  uart.o(.data)
    RxGetI                                   0x20000008   Data           4  uart.o(.data)
    TxPutI                                   0x2000000c   Data           4  uart.o(.data)
    TxGetI                                   0x20000010   Data           4  uart.o(.data)
    PeriodicTask2                            0x20000014   Data           4  lab3grader.o(.data)
    Mode                                     0x20000018   Data           4  lab3grader.o(.data)
    Time                                     0x2000001c   Data           4  lab3grader.o(.data)
    ErrorFlag                                0x20000024   Data           4  lab3grader.o(.data)
    LastLED                                  0x20000028   Data           4  lab3grader.o(.data)
    FirstCount                               0x2000002c   Data           4  lab3grader.o(.data)
    SecondCount                              0x20000030   Data           4  lab3grader.o(.data)
    Period                                   0x20000034   Data           4  lab3grader.o(.data)
    Duty                                     0x20000038   Data           4  lab3grader.o(.data)
    M                                        0x2000003c   Data           4  lab3grader.o(.data)
    Inflag                                   0x200000c0   Data          24  lab3grader.o(.bss)
    Duties                                   0x200000d8   Data          16  lab3grader.o(.bss)



==============================================================================

Memory Map of the image

  Image Entry point : 0x0000026d

  Load Region LR_1 (Base: 0x00000000, Size: 0x00001610, Max: 0xffffffff, ABSOLUTE)

    Execution Region ER_RO (Exec base: 0x00000000, Load base: 0x00000000, Size: 0x000015d0, Max: 0xffffffff, ABSOLUTE)

    Exec Addr    Load Addr    Size         Type   Attr      Idx    E Section Name        Object

    0x00000000   0x00000000   0x00000284   Code   RO            3  * RESET               startup.o
    0x00000284   0x00000284   0x0000001c   Code   RO            4    .text               startup.o
    0x000002a0   0x000002a0   0x00000188   Code   RO           13    .text               lab3.o
    0x00000428   0x00000428   0x00000824   Code   RO          199    .text               lab3grader.o
    0x00000c4c   0x00000c4c   0x00000080   Code   RO          241    .text               c_w.l(strcmpv7m.o)
    0x00000ccc   0x00000ccc   0x0000007c   Code   RO           16    i.PLL_Init          pll.o
    0x00000d48   0x00000d48   0x00000024   Code   RO           66    i.RxFifo_Init       uart.o
    0x00000d6c   0x00000d6c   0x0000003c   Code   RO           67    i.RxFifo_Put        uart.o
    0x00000da8   0x00000da8   0x00000018   Code   RO           68    i.RxFifo_Size       uart.o
    0x00000dc0   0x00000dc0   0x00000018   Code   RO           38    i.Timer3A_Handler   timer3a.o
    0x00000dd8   0x00000dd8   0x00000060   Code   RO           39    i.Timer3A_Init      timer3a.o
    0x00000e38   0x00000e38   0x0000003c   Code   RO           69    i.TxFifo_Get        uart.o
    0x00000e74   0x00000e74   0x00000024   Code   RO           70    i.TxFifo_Init       uart.o
    0x00000e98   0x00000e98   0x0000003c   Code   RO           71    i.TxFifo_Put        uart.o
    0x00000ed4   0x00000ed4   0x00000018   Code   RO           72    i.TxFifo_Size       uart.o
    0x00000eec   0x00000eec   0x00000058   Code   RO           73    i.UART0_Handler     uart.o
    0x00000f44   0x00000f44   0x000000c8   Code   RO           78    i.UART_Init         uart.o
    0x0000100c   0x0000100c   0x00000034   Code   RO           79    i.UART_OutChar      uart.o
    0x00001040   0x00001040   0x00000018   Code   RO           80    i.UART_OutString    uart.o
    0x00001058   0x00001058   0x0000002a   Code   RO           81    i.UART_OutUDec      uart.o
    0x00001082   0x00001082   0x00000002   PAD
    0x00001084   0x00001084   0x00000028   Code   RO           83    i.copyHardwareToSoftware  uart.o
    0x000010ac   0x000010ac   0x0000002c   Code   RO           84    i.copySoftwareToHardware  uart.o
    0x000010d8   0x000010d8   0x000004a8   Data   RO          201    .constdata          lab3grader.o
    0x00001580   0x00001580   0x0000004d   Data   RO          202    .conststring        lab3grader.o


    Execution Region ER_RW (Exec base: 0x20000000, Load base: 0x000015d0, Size: 0x00000040, Max: 0xffffffff, ABSOLUTE)

    Exec Addr    Load Addr    Size         Type   Attr      Idx    E Section Name        Object

    0x20000000   0x000015d0   0x00000004   Data   RW           41    .data               timer3a.o
    0x20000004   0x000015d4   0x00000010   Data   RW           86    .data               uart.o
    0x20000014   0x000015e4   0x0000002c   Data   RW          203    .data               lab3grader.o


    Execution Region ER_ZI (Exec base: 0x20000040, Load base: 0x00001610, Size: 0x000004a8, Max: 0xffffffff, ABSOLUTE)

    Exec Addr    Load Addr    Size         Type   Attr      Idx    E Section Name        Object

    0x20000040        -       0x00000080   Zero   RW           85    .bss                uart.o
    0x200000c0        -       0x00000028   Zero   RW          200    .bss                lab3grader.o
    0x200000e8        -       0x00000400   Zero   RW            1    STACK               startup.o


==============================================================================

Image component sizes


      Code (inc. data)   RO Data    RW Data    ZI Data      Debug   Object Name

       392         34          0          0          0        336   lab3.o
      2084        404       1269         44         40      10255   lab3grader.o
       124          4          0          0          0       4975   pll.o
       672        622          0          0       1024        956   startup.o
       120         30          0          4          0       1569   timer3a.o
       790        126          0         16        128       7880   uart.o

    ----------------------------------------------------------------------
      4184       1220       1272         64       1192      25971   Object Totals
         0          0          0          0          0          0   (incl. Generated)
         2          0          3          0          0          0   (incl. Padding)

    ----------------------------------------------------------------------

      Code (inc. data)   RO Data    RW Data    ZI Data      Debug   Library Member Name

       128          0          0          0          0         68   strcmpv7m.o

    ----------------------------------------------------------------------
       128          0          0          0          0         68   Library Totals
         0          0          0          0          0          0   (incl. Padding)

    ----------------------------------------------------------------------

      Code (inc. data)   RO Data    RW Data    ZI Data      Debug   Library Name

       128          0          0          0          0         68   c_w.l

    ----------------------------------------------------------------------
       128          0          0          0          0         68   Library Totals

    ----------------------------------------------------------------------

==============================================================================


      Code (inc. data)   RO Data    RW Data    ZI Data      Debug   

      4312       1220       1272         64       1192      25103   Grand Totals
      4312       1220       1272         64       1192      25103   ELF Image Totals
      4312       1220       1272         64          0          0   ROM Totals

==============================================================================

    Total RO  Size (Code + RO Data)                 5584 (   5.45kB)
    Total RW  Size (RW Data + ZI Data)              1256 (   1.23kB)
    Total ROM Size (Code + RO Data + RW Data)       5648 (   5.52kB)

==============================================================================

